Analysis & Synthesis report for P14placa
Fri Jan 07 13:37:09 2022
Quartus Prime Version 20.1.0 Build 711 06/05/2020 SJ Lite Edition


---------------------
; Table of Contents ;
---------------------
  1. Legal Notice
  2. Analysis & Synthesis Summary
  3. Analysis & Synthesis Settings
  4. Parallel Compilation
  5. Analysis & Synthesis Source Files Read
  6. Analysis & Synthesis Resource Usage Summary
  7. Analysis & Synthesis Resource Utilization by Entity
  8. General Register Statistics
  9. Inverted Register Statistics
 10. Multiplexer Restructuring Statistics (Restructuring Performed)
 11. Port Connectivity Checks: "P12decodificador7seg:DECOD7"
 12. Port Connectivity Checks: "P12decodificador7seg:DECOD6"
 13. Port Connectivity Checks: "P12decodificador7seg:DECOD3"
 14. Port Connectivity Checks: "P12decodificador7seg:DECOD1"
 15. Port Connectivity Checks: "P11interface:ITERF|P10ula:alu|P08mult4bit:mult|P05fulladder:fa31"
 16. Port Connectivity Checks: "P11interface:ITERF|P10ula:alu|P08mult4bit:mult|P05fulladder:fa21"
 17. Port Connectivity Checks: "P11interface:ITERF|P10ula:alu|P08mult4bit:mult|P05fulladder:fa14"
 18. Port Connectivity Checks: "P11interface:ITERF|P10ula:alu|P08mult4bit:mult|P05fulladder:fa11"
 19. Port Connectivity Checks: "P11interface:ITERF|P10ula:alu|P07sub4bit:sub|P09compl2:cp1|P05fulladder:fa4"
 20. Port Connectivity Checks: "P11interface:ITERF|P10ula:alu|P07sub4bit:sub|P09compl2:cp1|P05fulladder:fa3"
 21. Port Connectivity Checks: "P11interface:ITERF|P10ula:alu|P07sub4bit:sub|P09compl2:cp1|P05fulladder:fa2"
 22. Port Connectivity Checks: "P11interface:ITERF|P10ula:alu|P07sub4bit:sub|P09compl2:cp1|P05fulladder:fa1"
 23. Port Connectivity Checks: "P11interface:ITERF|P10ula:alu|P07sub4bit:sub"
 24. Port Connectivity Checks: "P11interface:ITERF|P10ula:alu|P06adder4bit:sum"
 25. Post-Synthesis Netlist Statistics for Top Partition
 26. Elapsed Time Per Partition
 27. Analysis & Synthesis Messages



----------------
; Legal Notice ;
----------------
Copyright (C) 2020  Intel Corporation. All rights reserved.
Your use of Intel Corporation's design tools, logic functions 
and other software and tools, and any partner logic 
functions, and any output files from any of the foregoing 
(including device programming or simulation files), and any 
associated documentation or information are expressly subject 
to the terms and conditions of the Intel Program License 
Subscription Agreement, the Intel Quartus Prime License Agreement,
the Intel FPGA IP License Agreement, or other applicable license
agreement, including, without limitation, that your use is for
the sole purpose of programming logic devices manufactured by
Intel and sold by Intel or its authorized distributors.  Please
refer to the applicable agreement for further details, at
https://fpgasoftware.intel.com/eula.



+----------------------------------------------------------------------------------+
; Analysis & Synthesis Summary                                                     ;
+------------------------------------+---------------------------------------------+
; Analysis & Synthesis Status        ; Successful - Fri Jan 07 13:37:08 2022       ;
; Quartus Prime Version              ; 20.1.0 Build 711 06/05/2020 SJ Lite Edition ;
; Revision Name                      ; P14placa                                    ;
; Top-level Entity Name              ; P14placa                                    ;
; Family                             ; Cyclone IV E                                ;
; Total logic elements               ; 207                                         ;
;     Total combinational functions  ; 207                                         ;
;     Dedicated logic registers      ; 47                                          ;
; Total registers                    ; 47                                          ;
; Total pins                         ; 72                                          ;
; Total virtual pins                 ; 0                                           ;
; Total memory bits                  ; 0                                           ;
; Embedded Multiplier 9-bit elements ; 0                                           ;
; Total PLLs                         ; 0                                           ;
+------------------------------------+---------------------------------------------+


+------------------------------------------------------------------------------------------------------------+
; Analysis & Synthesis Settings                                                                              ;
+------------------------------------------------------------------+--------------------+--------------------+
; Option                                                           ; Setting            ; Default Value      ;
+------------------------------------------------------------------+--------------------+--------------------+
; Top-level entity name                                            ; P14placa           ; P14placa           ;
; Family name                                                      ; Cyclone IV E       ; Cyclone V          ;
; Use smart compilation                                            ; Off                ; Off                ;
; Enable parallel Assembler and Timing Analyzer during compilation ; On                 ; On                 ;
; Enable compact report table                                      ; Off                ; Off                ;
; Restructure Multiplexers                                         ; Auto               ; Auto               ;
; Create Debugging Nodes for IP Cores                              ; Off                ; Off                ;
; Preserve fewer node names                                        ; On                 ; On                 ;
; Intel FPGA IP Evaluation Mode                                    ; Enable             ; Enable             ;
; Verilog Version                                                  ; Verilog_2001       ; Verilog_2001       ;
; VHDL Version                                                     ; VHDL_1993          ; VHDL_1993          ;
; State Machine Processing                                         ; Auto               ; Auto               ;
; Safe State Machine                                               ; Off                ; Off                ;
; Extract Verilog State Machines                                   ; On                 ; On                 ;
; Extract VHDL State Machines                                      ; On                 ; On                 ;
; Ignore Verilog initial constructs                                ; Off                ; Off                ;
; Iteration limit for constant Verilog loops                       ; 5000               ; 5000               ;
; Iteration limit for non-constant Verilog loops                   ; 250                ; 250                ;
; Add Pass-Through Logic to Inferred RAMs                          ; On                 ; On                 ;
; Infer RAMs from Raw Logic                                        ; On                 ; On                 ;
; Parallel Synthesis                                               ; On                 ; On                 ;
; DSP Block Balancing                                              ; Auto               ; Auto               ;
; NOT Gate Push-Back                                               ; On                 ; On                 ;
; Power-Up Don't Care                                              ; On                 ; On                 ;
; Remove Redundant Logic Cells                                     ; Off                ; Off                ;
; Remove Duplicate Registers                                       ; On                 ; On                 ;
; Ignore CARRY Buffers                                             ; Off                ; Off                ;
; Ignore CASCADE Buffers                                           ; Off                ; Off                ;
; Ignore GLOBAL Buffers                                            ; Off                ; Off                ;
; Ignore ROW GLOBAL Buffers                                        ; Off                ; Off                ;
; Ignore LCELL Buffers                                             ; Off                ; Off                ;
; Ignore SOFT Buffers                                              ; On                 ; On                 ;
; Limit AHDL Integers to 32 Bits                                   ; Off                ; Off                ;
; Optimization Technique                                           ; Balanced           ; Balanced           ;
; Carry Chain Length                                               ; 70                 ; 70                 ;
; Auto Carry Chains                                                ; On                 ; On                 ;
; Auto Open-Drain Pins                                             ; On                 ; On                 ;
; Perform WYSIWYG Primitive Resynthesis                            ; Off                ; Off                ;
; Auto ROM Replacement                                             ; On                 ; On                 ;
; Auto RAM Replacement                                             ; On                 ; On                 ;
; Auto DSP Block Replacement                                       ; On                 ; On                 ;
; Auto Shift Register Replacement                                  ; Auto               ; Auto               ;
; Allow Shift Register Merging across Hierarchies                  ; Auto               ; Auto               ;
; Auto Clock Enable Replacement                                    ; On                 ; On                 ;
; Strict RAM Replacement                                           ; Off                ; Off                ;
; Allow Synchronous Control Signals                                ; On                 ; On                 ;
; Force Use of Synchronous Clear Signals                           ; Off                ; Off                ;
; Auto RAM Block Balancing                                         ; On                 ; On                 ;
; Auto RAM to Logic Cell Conversion                                ; Off                ; Off                ;
; Auto Resource Sharing                                            ; Off                ; Off                ;
; Allow Any RAM Size For Recognition                               ; Off                ; Off                ;
; Allow Any ROM Size For Recognition                               ; Off                ; Off                ;
; Allow Any Shift Register Size For Recognition                    ; Off                ; Off                ;
; Use LogicLock Constraints during Resource Balancing              ; On                 ; On                 ;
; Ignore translate_off and synthesis_off directives                ; Off                ; Off                ;
; Timing-Driven Synthesis                                          ; On                 ; On                 ;
; Report Parameter Settings                                        ; On                 ; On                 ;
; Report Source Assignments                                        ; On                 ; On                 ;
; Report Connectivity Checks                                       ; On                 ; On                 ;
; Ignore Maximum Fan-Out Assignments                               ; Off                ; Off                ;
; Synchronization Register Chain Length                            ; 2                  ; 2                  ;
; Power Optimization During Synthesis                              ; Normal compilation ; Normal compilation ;
; HDL message level                                                ; Level2             ; Level2             ;
; Suppress Register Optimization Related Messages                  ; Off                ; Off                ;
; Number of Removed Registers Reported in Synthesis Report         ; 5000               ; 5000               ;
; Number of Swept Nodes Reported in Synthesis Report               ; 5000               ; 5000               ;
; Number of Inverted Registers Reported in Synthesis Report        ; 100                ; 100                ;
; Clock MUX Protection                                             ; On                 ; On                 ;
; Auto Gated Clock Conversion                                      ; Off                ; Off                ;
; Block Design Naming                                              ; Auto               ; Auto               ;
; SDC constraint protection                                        ; Off                ; Off                ;
; Synthesis Effort                                                 ; Auto               ; Auto               ;
; Shift Register Replacement - Allow Asynchronous Clear Signal     ; On                 ; On                 ;
; Pre-Mapping Resynthesis Optimization                             ; Off                ; Off                ;
; Analysis & Synthesis Message Level                               ; Medium             ; Medium             ;
; Disable Register Merging Across Hierarchies                      ; Auto               ; Auto               ;
; Resource Aware Inference For Block RAM                           ; On                 ; On                 ;
+------------------------------------------------------------------+--------------------+--------------------+


+------------------------------------------+
; Parallel Compilation                     ;
+----------------------------+-------------+
; Processors                 ; Number      ;
+----------------------------+-------------+
; Number detected on machine ; 8           ;
; Maximum allowed            ; 8           ;
;                            ;             ;
; Average used               ; 1.00        ;
; Maximum used               ; 8           ;
;                            ;             ;
; Usage by Processor         ; % Time Used ;
;     Processor 1            ; 100.0%      ;
;     Processor 2            ;   0.0%      ;
;     Processors 3-8         ;   0.0%      ;
+----------------------------+-------------+


+-------------------------------------------------------------------------------------------------------------------------------------------------------------------------------------------------------------------+
; Analysis & Synthesis Source Files Read                                                                                                                                                                            ;
+----------------------------------+-----------------+-----------------------+----------------------------------------------------------------------------------------------------------------------------+---------+
; File Name with User-Entered Path ; Used in Netlist ; File Type             ; File Name with Absolute Path                                                                                               ; Library ;
+----------------------------------+-----------------+-----------------------+----------------------------------------------------------------------------------------------------------------------------+---------+
; P14placa.vhd                     ; yes             ; User VHDL File        ; G:/Meu Drive/01 - UFRJ/05 - 2021.2/07 - Sistemas Digitais - EEL480/03 - VHDL/projetos/19-P14placa/P14placa.vhd             ;         ;
; p13divisorfreq.vhd               ; yes             ; Auto-Found VHDL File  ; G:/Meu Drive/01 - UFRJ/05 - 2021.2/07 - Sistemas Digitais - EEL480/03 - VHDL/projetos/19-P14placa/p13divisorfreq.vhd       ;         ;
; p11interface.vhd                 ; yes             ; Auto-Found VHDL File  ; G:/Meu Drive/01 - UFRJ/05 - 2021.2/07 - Sistemas Digitais - EEL480/03 - VHDL/projetos/19-P14placa/p11interface.vhd         ;         ;
; p10ula.vhd                       ; yes             ; Auto-Found VHDL File  ; G:/Meu Drive/01 - UFRJ/05 - 2021.2/07 - Sistemas Digitais - EEL480/03 - VHDL/projetos/19-P14placa/p10ula.vhd               ;         ;
; p01and_4b.vhd                    ; yes             ; Auto-Found VHDL File  ; G:/Meu Drive/01 - UFRJ/05 - 2021.2/07 - Sistemas Digitais - EEL480/03 - VHDL/projetos/19-P14placa/p01and_4b.vhd            ;         ;
; p02or_4b.vhd                     ; yes             ; Auto-Found VHDL File  ; G:/Meu Drive/01 - UFRJ/05 - 2021.2/07 - Sistemas Digitais - EEL480/03 - VHDL/projetos/19-P14placa/p02or_4b.vhd             ;         ;
; p03not_4b.vhd                    ; yes             ; Auto-Found VHDL File  ; G:/Meu Drive/01 - UFRJ/05 - 2021.2/07 - Sistemas Digitais - EEL480/03 - VHDL/projetos/19-P14placa/p03not_4b.vhd            ;         ;
; p04xor_4b.vhd                    ; yes             ; Auto-Found VHDL File  ; G:/Meu Drive/01 - UFRJ/05 - 2021.2/07 - Sistemas Digitais - EEL480/03 - VHDL/projetos/19-P14placa/p04xor_4b.vhd            ;         ;
; p06adder4bit.vhd                 ; yes             ; Auto-Found VHDL File  ; G:/Meu Drive/01 - UFRJ/05 - 2021.2/07 - Sistemas Digitais - EEL480/03 - VHDL/projetos/19-P14placa/p06adder4bit.vhd         ;         ;
; p05fulladder.vhd                 ; yes             ; Auto-Found VHDL File  ; G:/Meu Drive/01 - UFRJ/05 - 2021.2/07 - Sistemas Digitais - EEL480/03 - VHDL/projetos/19-P14placa/p05fulladder.vhd         ;         ;
; p07sub4bit.vhd                   ; yes             ; Auto-Found VHDL File  ; G:/Meu Drive/01 - UFRJ/05 - 2021.2/07 - Sistemas Digitais - EEL480/03 - VHDL/projetos/19-P14placa/p07sub4bit.vhd           ;         ;
; p09compl2.vhd                    ; yes             ; Auto-Found VHDL File  ; G:/Meu Drive/01 - UFRJ/05 - 2021.2/07 - Sistemas Digitais - EEL480/03 - VHDL/projetos/19-P14placa/p09compl2.vhd            ;         ;
; p08mult4bit.vhd                  ; yes             ; Auto-Found VHDL File  ; G:/Meu Drive/01 - UFRJ/05 - 2021.2/07 - Sistemas Digitais - EEL480/03 - VHDL/projetos/19-P14placa/p08mult4bit.vhd          ;         ;
; p12decodificador7seg.vhd         ; yes             ; Auto-Found VHDL File  ; G:/Meu Drive/01 - UFRJ/05 - 2021.2/07 - Sistemas Digitais - EEL480/03 - VHDL/projetos/19-P14placa/p12decodificador7seg.vhd ;         ;
+----------------------------------+-----------------+-----------------------+----------------------------------------------------------------------------------------------------------------------------+---------+


+-------------------------------------------------------------+
; Analysis & Synthesis Resource Usage Summary                 ;
+---------------------------------------------+---------------+
; Resource                                    ; Usage         ;
+---------------------------------------------+---------------+
; Estimated Total logic elements              ; 207           ;
;                                             ;               ;
; Total combinational functions               ; 207           ;
; Logic element usage by number of LUT inputs ;               ;
;     -- 4 input functions                    ; 126           ;
;     -- 3 input functions                    ; 19            ;
;     -- <=2 input functions                  ; 62            ;
;                                             ;               ;
; Logic elements by mode                      ;               ;
;     -- normal mode                          ; 183           ;
;     -- arithmetic mode                      ; 24            ;
;                                             ;               ;
; Total registers                             ; 47            ;
;     -- Dedicated logic registers            ; 47            ;
;     -- I/O registers                        ; 0             ;
;                                             ;               ;
; I/O pins                                    ; 72            ;
;                                             ;               ;
; Embedded Multiplier 9-bit elements          ; 0             ;
;                                             ;               ;
; Maximum fan-out node                        ; V_BT[0]~input ;
; Maximum fan-out                             ; 66            ;
; Total fan-out                               ; 963           ;
; Average fan-out                             ; 2.42          ;
+---------------------------------------------+---------------+


+--------------------------------------------------------------------------------------------------------------------------------------------------------------------------------------------------------------------------------------------------------------------------------------------+
; Analysis & Synthesis Resource Utilization by Entity                                                                                                                                                                                                                                        ;
+-----------------------------------+---------------------+---------------------------+-------------+--------------+---------+-----------+------+--------------+---------------------------------------------------------------------------------------+----------------------+--------------+
; Compilation Hierarchy Node        ; Combinational ALUTs ; Dedicated Logic Registers ; Memory Bits ; DSP Elements ; DSP 9x9 ; DSP 18x18 ; Pins ; Virtual Pins ; Full Hierarchy Name                                                                   ; Entity Name          ; Library Name ;
+-----------------------------------+---------------------+---------------------------+-------------+--------------+---------+-----------+------+--------------+---------------------------------------------------------------------------------------+----------------------+--------------+
; |P14placa                         ; 207 (18)            ; 47 (0)                    ; 0           ; 0            ; 0       ; 0         ; 72   ; 0            ; |P14placa                                                                             ; P14placa             ; work         ;
;    |P11interface:ITERF|           ; 112 (61)            ; 21 (21)                   ; 0           ; 0            ; 0       ; 0         ; 0    ; 0            ; |P14placa|P11interface:ITERF                                                          ; P11interface         ; work         ;
;       |P10ula:alu|                ; 51 (12)             ; 0 (0)                     ; 0           ; 0            ; 0       ; 0         ; 0    ; 0            ; |P14placa|P11interface:ITERF|P10ula:alu                                               ; P10ula               ; work         ;
;          |P01and_4b:andd|         ; 1 (1)               ; 0 (0)                     ; 0           ; 0            ; 0       ; 0         ; 0    ; 0            ; |P14placa|P11interface:ITERF|P10ula:alu|P01and_4b:andd                                ; P01and_4b            ; work         ;
;          |P06adder4bit:sum|       ; 3 (0)               ; 0 (0)                     ; 0           ; 0            ; 0       ; 0         ; 0    ; 0            ; |P14placa|P11interface:ITERF|P10ula:alu|P06adder4bit:sum                              ; P06adder4bit         ; work         ;
;             |P05fulladder:fa2|    ; 1 (1)               ; 0 (0)                     ; 0           ; 0            ; 0       ; 0         ; 0    ; 0            ; |P14placa|P11interface:ITERF|P10ula:alu|P06adder4bit:sum|P05fulladder:fa2             ; P05fulladder         ; work         ;
;             |P05fulladder:fa3|    ; 1 (1)               ; 0 (0)                     ; 0           ; 0            ; 0       ; 0         ; 0    ; 0            ; |P14placa|P11interface:ITERF|P10ula:alu|P06adder4bit:sum|P05fulladder:fa3             ; P05fulladder         ; work         ;
;             |P05fulladder:fa4|    ; 1 (1)               ; 0 (0)                     ; 0           ; 0            ; 0       ; 0         ; 0    ; 0            ; |P14placa|P11interface:ITERF|P10ula:alu|P06adder4bit:sum|P05fulladder:fa4             ; P05fulladder         ; work         ;
;          |P07sub4bit:sub|         ; 6 (0)               ; 0 (0)                     ; 0           ; 0            ; 0       ; 0         ; 0    ; 0            ; |P14placa|P11interface:ITERF|P10ula:alu|P07sub4bit:sub                                ; P07sub4bit           ; work         ;
;             |P05fulladder:fa2|    ; 1 (1)               ; 0 (0)                     ; 0           ; 0            ; 0       ; 0         ; 0    ; 0            ; |P14placa|P11interface:ITERF|P10ula:alu|P07sub4bit:sub|P05fulladder:fa2               ; P05fulladder         ; work         ;
;             |P05fulladder:fa3|    ; 1 (1)               ; 0 (0)                     ; 0           ; 0            ; 0       ; 0         ; 0    ; 0            ; |P14placa|P11interface:ITERF|P10ula:alu|P07sub4bit:sub|P05fulladder:fa3               ; P05fulladder         ; work         ;
;             |P05fulladder:fa4|    ; 2 (2)               ; 0 (0)                     ; 0           ; 0            ; 0       ; 0         ; 0    ; 0            ; |P14placa|P11interface:ITERF|P10ula:alu|P07sub4bit:sub|P05fulladder:fa4               ; P05fulladder         ; work         ;
;             |P09compl2:cp1|       ; 2 (0)               ; 0 (0)                     ; 0           ; 0            ; 0       ; 0         ; 0    ; 0            ; |P14placa|P11interface:ITERF|P10ula:alu|P07sub4bit:sub|P09compl2:cp1                  ; P09compl2            ; work         ;
;                |P05fulladder:fa2| ; 1 (1)               ; 0 (0)                     ; 0           ; 0            ; 0       ; 0         ; 0    ; 0            ; |P14placa|P11interface:ITERF|P10ula:alu|P07sub4bit:sub|P09compl2:cp1|P05fulladder:fa2 ; P05fulladder         ; work         ;
;                |P05fulladder:fa3| ; 1 (1)               ; 0 (0)                     ; 0           ; 0            ; 0       ; 0         ; 0    ; 0            ; |P14placa|P11interface:ITERF|P10ula:alu|P07sub4bit:sub|P09compl2:cp1|P05fulladder:fa3 ; P05fulladder         ; work         ;
;          |P08mult4bit:mult|       ; 28 (8)              ; 0 (0)                     ; 0           ; 0            ; 0       ; 0         ; 0    ; 0            ; |P14placa|P11interface:ITERF|P10ula:alu|P08mult4bit:mult                              ; P08mult4bit          ; work         ;
;             |P05fulladder:fa12|   ; 4 (4)               ; 0 (0)                     ; 0           ; 0            ; 0       ; 0         ; 0    ; 0            ; |P14placa|P11interface:ITERF|P10ula:alu|P08mult4bit:mult|P05fulladder:fa12            ; P05fulladder         ; work         ;
;             |P05fulladder:fa13|   ; 2 (2)               ; 0 (0)                     ; 0           ; 0            ; 0       ; 0         ; 0    ; 0            ; |P14placa|P11interface:ITERF|P10ula:alu|P08mult4bit:mult|P05fulladder:fa13            ; P05fulladder         ; work         ;
;             |P05fulladder:fa21|   ; 1 (1)               ; 0 (0)                     ; 0           ; 0            ; 0       ; 0         ; 0    ; 0            ; |P14placa|P11interface:ITERF|P10ula:alu|P08mult4bit:mult|P05fulladder:fa21            ; P05fulladder         ; work         ;
;             |P05fulladder:fa22|   ; 2 (2)               ; 0 (0)                     ; 0           ; 0            ; 0       ; 0         ; 0    ; 0            ; |P14placa|P11interface:ITERF|P10ula:alu|P08mult4bit:mult|P05fulladder:fa22            ; P05fulladder         ; work         ;
;             |P05fulladder:fa23|   ; 2 (2)               ; 0 (0)                     ; 0           ; 0            ; 0       ; 0         ; 0    ; 0            ; |P14placa|P11interface:ITERF|P10ula:alu|P08mult4bit:mult|P05fulladder:fa23            ; P05fulladder         ; work         ;
;             |P05fulladder:fa24|   ; 2 (2)               ; 0 (0)                     ; 0           ; 0            ; 0       ; 0         ; 0    ; 0            ; |P14placa|P11interface:ITERF|P10ula:alu|P08mult4bit:mult|P05fulladder:fa24            ; P05fulladder         ; work         ;
;             |P05fulladder:fa31|   ; 1 (1)               ; 0 (0)                     ; 0           ; 0            ; 0       ; 0         ; 0    ; 0            ; |P14placa|P11interface:ITERF|P10ula:alu|P08mult4bit:mult|P05fulladder:fa31            ; P05fulladder         ; work         ;
;             |P05fulladder:fa32|   ; 2 (2)               ; 0 (0)                     ; 0           ; 0            ; 0       ; 0         ; 0    ; 0            ; |P14placa|P11interface:ITERF|P10ula:alu|P08mult4bit:mult|P05fulladder:fa32            ; P05fulladder         ; work         ;
;             |P05fulladder:fa33|   ; 2 (2)               ; 0 (0)                     ; 0           ; 0            ; 0       ; 0         ; 0    ; 0            ; |P14placa|P11interface:ITERF|P10ula:alu|P08mult4bit:mult|P05fulladder:fa33            ; P05fulladder         ; work         ;
;             |P05fulladder:fa34|   ; 2 (2)               ; 0 (0)                     ; 0           ; 0            ; 0       ; 0         ; 0    ; 0            ; |P14placa|P11interface:ITERF|P10ula:alu|P08mult4bit:mult|P05fulladder:fa34            ; P05fulladder         ; work         ;
;          |P09compl2:cop2|         ; 1 (0)               ; 0 (0)                     ; 0           ; 0            ; 0       ; 0         ; 0    ; 0            ; |P14placa|P11interface:ITERF|P10ula:alu|P09compl2:cop2                                ; P09compl2            ; work         ;
;             |P05fulladder:fa4|    ; 1 (1)               ; 0 (0)                     ; 0           ; 0            ; 0       ; 0         ; 0    ; 0            ; |P14placa|P11interface:ITERF|P10ula:alu|P09compl2:cop2|P05fulladder:fa4               ; P05fulladder         ; work         ;
;    |P12decodificador7seg:DECOD0|  ; 7 (7)               ; 0 (0)                     ; 0           ; 0            ; 0       ; 0         ; 0    ; 0            ; |P14placa|P12decodificador7seg:DECOD0                                                 ; P12decodificador7seg ; work         ;
;    |P12decodificador7seg:DECOD2|  ; 7 (7)               ; 0 (0)                     ; 0           ; 0            ; 0       ; 0         ; 0    ; 0            ; |P14placa|P12decodificador7seg:DECOD2                                                 ; P12decodificador7seg ; work         ;
;    |P12decodificador7seg:DECOD4|  ; 7 (7)               ; 0 (0)                     ; 0           ; 0            ; 0       ; 0         ; 0    ; 0            ; |P14placa|P12decodificador7seg:DECOD4                                                 ; P12decodificador7seg ; work         ;
;    |P12decodificador7seg:DECOD5|  ; 7 (7)               ; 0 (0)                     ; 0           ; 0            ; 0       ; 0         ; 0    ; 0            ; |P14placa|P12decodificador7seg:DECOD5                                                 ; P12decodificador7seg ; work         ;
;    |P13divisorFREQ:DIVfreq|       ; 49 (49)             ; 26 (26)                   ; 0           ; 0            ; 0       ; 0         ; 0    ; 0            ; |P14placa|P13divisorFREQ:DIVfreq                                                      ; P13divisorFREQ       ; work         ;
+-----------------------------------+---------------------+---------------------------+-------------+--------------+---------+-----------+------+--------------+---------------------------------------------------------------------------------------+----------------------+--------------+
Note: For table entries with two numbers listed, the numbers in parentheses indicate the number of resources of the given type used by the specific entity alone. The numbers listed outside of parentheses indicate the total resources of the given type used by the specific entity and all of its sub-entities in the hierarchy.


+------------------------------------------------------+
; General Register Statistics                          ;
+----------------------------------------------+-------+
; Statistic                                    ; Value ;
+----------------------------------------------+-------+
; Total registers                              ; 47    ;
; Number of registers using Synchronous Clear  ; 0     ;
; Number of registers using Synchronous Load   ; 0     ;
; Number of registers using Asynchronous Clear ; 21    ;
; Number of registers using Asynchronous Load  ; 0     ;
; Number of registers using Clock Enable       ; 44    ;
; Number of registers using Preset             ; 0     ;
+----------------------------------------------+-------+


+--------------------------------------------------+
; Inverted Register Statistics                     ;
+----------------------------------------+---------+
; Inverted Register                      ; Fan out ;
+----------------------------------------+---------+
; P11interface:ITERF|init                ; 6       ;
; Total number of inverted registers = 1 ;         ;
+----------------------------------------+---------+


+------------------------------------------------------------------------------------------------------------------------------------------------------------+
; Multiplexer Restructuring Statistics (Restructuring Performed)                                                                                             ;
+--------------------+-----------+---------------+----------------------+------------------------+------------+----------------------------------------------+
; Multiplexer Inputs ; Bus Width ; Baseline Area ; Area if Restructured ; Saving if Restructured ; Registered ; Example Multiplexer Output                   ;
+--------------------+-----------+---------------+----------------------+------------------------+------------+----------------------------------------------+
; 8:1                ; 3 bits    ; 15 LEs        ; 15 LEs               ; 0 LEs                  ; No         ; |P14placa|P11interface:ITERF|P10ula:alu|Mux4 ;
; 5:1                ; 3 bits    ; 9 LEs         ; 6 LEs                ; 3 LEs                  ; No         ; |P14placa|results1[2]                        ;
+--------------------+-----------+---------------+----------------------+------------------------+------------+----------------------------------------------+


+---------------------------------------------------------+
; Port Connectivity Checks: "P12decodificador7seg:DECOD7" ;
+---------------+-------+----------+----------------------+
; Port          ; Type  ; Severity ; Details              ;
+---------------+-------+----------+----------------------+
; data_in[3..1] ; Input ; Info     ; Stuck at GND         ;
+---------------+-------+----------+----------------------+


+---------------------------------------------------------+
; Port Connectivity Checks: "P12decodificador7seg:DECOD6" ;
+---------------+-------+----------+----------------------+
; Port          ; Type  ; Severity ; Details              ;
+---------------+-------+----------+----------------------+
; data_in[3..1] ; Input ; Info     ; Stuck at GND         ;
+---------------+-------+----------+----------------------+


+---------------------------------------------------------+
; Port Connectivity Checks: "P12decodificador7seg:DECOD3" ;
+---------------+-------+----------+----------------------+
; Port          ; Type  ; Severity ; Details              ;
+---------------+-------+----------+----------------------+
; data_in[3..1] ; Input ; Info     ; Stuck at GND         ;
+---------------+-------+----------+----------------------+


+---------------------------------------------------------+
; Port Connectivity Checks: "P12decodificador7seg:DECOD1" ;
+---------------+-------+----------+----------------------+
; Port          ; Type  ; Severity ; Details              ;
+---------------+-------+----------+----------------------+
; data_in[3..1] ; Input ; Info     ; Stuck at GND         ;
+---------------+-------+----------+----------------------+


+----------------------------------------------------------------------------------------------+
; Port Connectivity Checks: "P11interface:ITERF|P10ula:alu|P08mult4bit:mult|P05fulladder:fa31" ;
+------+-------+----------+--------------------------------------------------------------------+
; Port ; Type  ; Severity ; Details                                                            ;
+------+-------+----------+--------------------------------------------------------------------+
; cin  ; Input ; Info     ; Stuck at GND                                                       ;
+------+-------+----------+--------------------------------------------------------------------+


+----------------------------------------------------------------------------------------------+
; Port Connectivity Checks: "P11interface:ITERF|P10ula:alu|P08mult4bit:mult|P05fulladder:fa21" ;
+------+-------+----------+--------------------------------------------------------------------+
; Port ; Type  ; Severity ; Details                                                            ;
+------+-------+----------+--------------------------------------------------------------------+
; cin  ; Input ; Info     ; Stuck at GND                                                       ;
+------+-------+----------+--------------------------------------------------------------------+


+----------------------------------------------------------------------------------------------+
; Port Connectivity Checks: "P11interface:ITERF|P10ula:alu|P08mult4bit:mult|P05fulladder:fa14" ;
+------+-------+----------+--------------------------------------------------------------------+
; Port ; Type  ; Severity ; Details                                                            ;
+------+-------+----------+--------------------------------------------------------------------+
; x    ; Input ; Info     ; Stuck at GND                                                       ;
+------+-------+----------+--------------------------------------------------------------------+


+----------------------------------------------------------------------------------------------+
; Port Connectivity Checks: "P11interface:ITERF|P10ula:alu|P08mult4bit:mult|P05fulladder:fa11" ;
+------+-------+----------+--------------------------------------------------------------------+
; Port ; Type  ; Severity ; Details                                                            ;
+------+-------+----------+--------------------------------------------------------------------+
; cin  ; Input ; Info     ; Stuck at GND                                                       ;
+------+-------+----------+--------------------------------------------------------------------+


+----------------------------------------------------------------------------------------------------------------+
; Port Connectivity Checks: "P11interface:ITERF|P10ula:alu|P07sub4bit:sub|P09compl2:cp1|P05fulladder:fa4"        ;
+------+--------+----------+-------------------------------------------------------------------------------------+
; Port ; Type   ; Severity ; Details                                                                             ;
+------+--------+----------+-------------------------------------------------------------------------------------+
; y    ; Input  ; Info     ; Stuck at GND                                                                        ;
; cout ; Output ; Info     ; Connected to dangling logic. Logic that only feeds a dangling port will be removed. ;
+------+--------+----------+-------------------------------------------------------------------------------------+


+---------------------------------------------------------------------------------------------------------+
; Port Connectivity Checks: "P11interface:ITERF|P10ula:alu|P07sub4bit:sub|P09compl2:cp1|P05fulladder:fa3" ;
+------+-------+----------+-------------------------------------------------------------------------------+
; Port ; Type  ; Severity ; Details                                                                       ;
+------+-------+----------+-------------------------------------------------------------------------------+
; y    ; Input ; Info     ; Stuck at GND                                                                  ;
+------+-------+----------+-------------------------------------------------------------------------------+


+---------------------------------------------------------------------------------------------------------+
; Port Connectivity Checks: "P11interface:ITERF|P10ula:alu|P07sub4bit:sub|P09compl2:cp1|P05fulladder:fa2" ;
+------+-------+----------+-------------------------------------------------------------------------------+
; Port ; Type  ; Severity ; Details                                                                       ;
+------+-------+----------+-------------------------------------------------------------------------------+
; y    ; Input ; Info     ; Stuck at GND                                                                  ;
+------+-------+----------+-------------------------------------------------------------------------------+


+---------------------------------------------------------------------------------------------------------+
; Port Connectivity Checks: "P11interface:ITERF|P10ula:alu|P07sub4bit:sub|P09compl2:cp1|P05fulladder:fa1" ;
+------+-------+----------+-------------------------------------------------------------------------------+
; Port ; Type  ; Severity ; Details                                                                       ;
+------+-------+----------+-------------------------------------------------------------------------------+
; y    ; Input ; Info     ; Stuck at GND                                                                  ;
; cin  ; Input ; Info     ; Stuck at VCC                                                                  ;
+------+-------+----------+-------------------------------------------------------------------------------+


+--------------------------------------------------------------------------+
; Port Connectivity Checks: "P11interface:ITERF|P10ula:alu|P07sub4bit:sub" ;
+------+-------+----------+------------------------------------------------+
; Port ; Type  ; Severity ; Details                                        ;
+------+-------+----------+------------------------------------------------+
; cin  ; Input ; Info     ; Stuck at GND                                   ;
+------+-------+----------+------------------------------------------------+


+----------------------------------------------------------------------------+
; Port Connectivity Checks: "P11interface:ITERF|P10ula:alu|P06adder4bit:sum" ;
+------+-------+----------+--------------------------------------------------+
; Port ; Type  ; Severity ; Details                                          ;
+------+-------+----------+--------------------------------------------------+
; cin  ; Input ; Info     ; Stuck at GND                                     ;
+------+-------+----------+--------------------------------------------------+


+-----------------------------------------------------+
; Post-Synthesis Netlist Statistics for Top Partition ;
+-----------------------+-----------------------------+
; Type                  ; Count                       ;
+-----------------------+-----------------------------+
; boundary_port         ; 72                          ;
; cycloneiii_ff         ; 47                          ;
;     CLR               ; 2                           ;
;     ENA               ; 25                          ;
;     ENA CLR           ; 19                          ;
;     plain             ; 1                           ;
; cycloneiii_lcell_comb ; 214                         ;
;     arith             ; 24                          ;
;         2 data inputs ; 24                          ;
;     normal            ; 190                         ;
;         0 data inputs ; 2                           ;
;         1 data inputs ; 6                           ;
;         2 data inputs ; 37                          ;
;         3 data inputs ; 19                          ;
;         4 data inputs ; 126                         ;
;                       ;                             ;
; Max LUT depth         ; 13.00                       ;
; Average LUT depth     ; 6.93                        ;
+-----------------------+-----------------------------+


+-------------------------------+
; Elapsed Time Per Partition    ;
+----------------+--------------+
; Partition Name ; Elapsed Time ;
+----------------+--------------+
; Top            ; 00:00:02     ;
+----------------+--------------+


+-------------------------------+
; Analysis & Synthesis Messages ;
+-------------------------------+
Info: *******************************************************************
Info: Running Quartus Prime Analysis & Synthesis
    Info: Version 20.1.0 Build 711 06/05/2020 SJ Lite Edition
    Info: Processing started: Fri Jan 07 13:36:34 2022
Info: Command: quartus_map --read_settings_files=on --write_settings_files=off P14placa -c P14placa
Warning (18236): Number of processors has not been specified which may cause overloading on shared machines.  Set the global assignment NUM_PARALLEL_PROCESSORS in your QSF to an appropriate value for best performance.
Info (20030): Parallel compilation is enabled and will use 8 of the 8 processors detected
Info (12021): Found 2 design units, including 1 entities, in source file p14placa.vhd
    Info (12022): Found design unit 1: P14placa-behav File: G:/Meu Drive/01 - UFRJ/05 - 2021.2/07 - Sistemas Digitais - EEL480/03 - VHDL/projetos/19-P14placa/P14placa.vhd Line: 17
    Info (12023): Found entity 1: P14placa File: G:/Meu Drive/01 - UFRJ/05 - 2021.2/07 - Sistemas Digitais - EEL480/03 - VHDL/projetos/19-P14placa/P14placa.vhd Line: 4
Info (12127): Elaborating entity "P14placa" for the top level hierarchy
Warning (10492): VHDL Process Statement warning at P14placa.vhd(81): signal "op" is read inside the Process Statement but isn't in the Process Statement's sensitivity list File: G:/Meu Drive/01 - UFRJ/05 - 2021.2/07 - Sistemas Digitais - EEL480/03 - VHDL/projetos/19-P14placa/P14placa.vhd Line: 81
Warning (12125): Using design file p13divisorfreq.vhd, which is not specified as a design file for the current project, but contains definitions for 2 design units and 1 entities in project
    Info (12022): Found design unit 1: P13divisorFREQ-display File: G:/Meu Drive/01 - UFRJ/05 - 2021.2/07 - Sistemas Digitais - EEL480/03 - VHDL/projetos/19-P14placa/p13divisorfreq.vhd Line: 12
    Info (12023): Found entity 1: P13divisorFREQ File: G:/Meu Drive/01 - UFRJ/05 - 2021.2/07 - Sistemas Digitais - EEL480/03 - VHDL/projetos/19-P14placa/p13divisorfreq.vhd Line: 4
Info (12128): Elaborating entity "P13divisorFREQ" for hierarchy "P13divisorFREQ:DIVfreq" File: G:/Meu Drive/01 - UFRJ/05 - 2021.2/07 - Sistemas Digitais - EEL480/03 - VHDL/projetos/19-P14placa/P14placa.vhd Line: 53
Warning (12125): Using design file p11interface.vhd, which is not specified as a design file for the current project, but contains definitions for 2 design units and 1 entities in project
    Info (12022): Found design unit 1: P11interface-behav File: G:/Meu Drive/01 - UFRJ/05 - 2021.2/07 - Sistemas Digitais - EEL480/03 - VHDL/projetos/19-P14placa/p11interface.vhd Line: 16
    Info (12023): Found entity 1: P11interface File: G:/Meu Drive/01 - UFRJ/05 - 2021.2/07 - Sistemas Digitais - EEL480/03 - VHDL/projetos/19-P14placa/p11interface.vhd Line: 5
Info (12128): Elaborating entity "P11interface" for hierarchy "P11interface:ITERF" File: G:/Meu Drive/01 - UFRJ/05 - 2021.2/07 - Sistemas Digitais - EEL480/03 - VHDL/projetos/19-P14placa/P14placa.vhd Line: 55
Warning (10492): VHDL Process Statement warning at p11interface.vhd(53): signal "estado" is read inside the Process Statement but isn't in the Process Statement's sensitivity list File: G:/Meu Drive/01 - UFRJ/05 - 2021.2/07 - Sistemas Digitais - EEL480/03 - VHDL/projetos/19-P14placa/p11interface.vhd Line: 53
Warning (10492): VHDL Process Statement warning at p11interface.vhd(54): signal "entradaA" is read inside the Process Statement but isn't in the Process Statement's sensitivity list File: G:/Meu Drive/01 - UFRJ/05 - 2021.2/07 - Sistemas Digitais - EEL480/03 - VHDL/projetos/19-P14placa/p11interface.vhd Line: 54
Warning (10492): VHDL Process Statement warning at p11interface.vhd(55): signal "entradaB" is read inside the Process Statement but isn't in the Process Statement's sensitivity list File: G:/Meu Drive/01 - UFRJ/05 - 2021.2/07 - Sistemas Digitais - EEL480/03 - VHDL/projetos/19-P14placa/p11interface.vhd Line: 55
Warning (10492): VHDL Process Statement warning at p11interface.vhd(56): signal "estado" is read inside the Process Statement but isn't in the Process Statement's sensitivity list File: G:/Meu Drive/01 - UFRJ/05 - 2021.2/07 - Sistemas Digitais - EEL480/03 - VHDL/projetos/19-P14placa/p11interface.vhd Line: 56
Warning (10492): VHDL Process Statement warning at p11interface.vhd(58): signal "entradaA" is read inside the Process Statement but isn't in the Process Statement's sensitivity list File: G:/Meu Drive/01 - UFRJ/05 - 2021.2/07 - Sistemas Digitais - EEL480/03 - VHDL/projetos/19-P14placa/p11interface.vhd Line: 58
Warning (10492): VHDL Process Statement warning at p11interface.vhd(59): signal "entradaB" is read inside the Process Statement but isn't in the Process Statement's sensitivity list File: G:/Meu Drive/01 - UFRJ/05 - 2021.2/07 - Sistemas Digitais - EEL480/03 - VHDL/projetos/19-P14placa/p11interface.vhd Line: 59
Warning (10492): VHDL Process Statement warning at p11interface.vhd(60): signal "entradaA" is read inside the Process Statement but isn't in the Process Statement's sensitivity list File: G:/Meu Drive/01 - UFRJ/05 - 2021.2/07 - Sistemas Digitais - EEL480/03 - VHDL/projetos/19-P14placa/p11interface.vhd Line: 60
Warning (10492): VHDL Process Statement warning at p11interface.vhd(61): signal "entradaB" is read inside the Process Statement but isn't in the Process Statement's sensitivity list File: G:/Meu Drive/01 - UFRJ/05 - 2021.2/07 - Sistemas Digitais - EEL480/03 - VHDL/projetos/19-P14placa/p11interface.vhd Line: 61
Warning (10492): VHDL Process Statement warning at p11interface.vhd(63): signal "estado" is read inside the Process Statement but isn't in the Process Statement's sensitivity list File: G:/Meu Drive/01 - UFRJ/05 - 2021.2/07 - Sistemas Digitais - EEL480/03 - VHDL/projetos/19-P14placa/p11interface.vhd Line: 63
Warning (12125): Using design file p10ula.vhd, which is not specified as a design file for the current project, but contains definitions for 2 design units and 1 entities in project
    Info (12022): Found design unit 1: P10ula-rtl File: G:/Meu Drive/01 - UFRJ/05 - 2021.2/07 - Sistemas Digitais - EEL480/03 - VHDL/projetos/19-P14placa/p10ula.vhd Line: 27
    Info (12023): Found entity 1: P10ula File: G:/Meu Drive/01 - UFRJ/05 - 2021.2/07 - Sistemas Digitais - EEL480/03 - VHDL/projetos/19-P14placa/p10ula.vhd Line: 18
Info (12128): Elaborating entity "P10ula" for hierarchy "P11interface:ITERF|P10ula:alu" File: G:/Meu Drive/01 - UFRJ/05 - 2021.2/07 - Sistemas Digitais - EEL480/03 - VHDL/projetos/19-P14placa/p11interface.vhd Line: 38
Warning (10492): VHDL Process Statement warning at p10ula.vhd(120): signal "cout" is read inside the Process Statement but isn't in the Process Statement's sensitivity list File: G:/Meu Drive/01 - UFRJ/05 - 2021.2/07 - Sistemas Digitais - EEL480/03 - VHDL/projetos/19-P14placa/p10ula.vhd Line: 120
Warning (10492): VHDL Process Statement warning at p10ula.vhd(121): signal "boutt" is read inside the Process Statement but isn't in the Process Statement's sensitivity list File: G:/Meu Drive/01 - UFRJ/05 - 2021.2/07 - Sistemas Digitais - EEL480/03 - VHDL/projetos/19-P14placa/p10ula.vhd Line: 121
Warning (12125): Using design file p01and_4b.vhd, which is not specified as a design file for the current project, but contains definitions for 2 design units and 1 entities in project
    Info (12022): Found design unit 1: P01and_4b-and_4b_behav File: G:/Meu Drive/01 - UFRJ/05 - 2021.2/07 - Sistemas Digitais - EEL480/03 - VHDL/projetos/19-P14placa/p01and_4b.vhd Line: 11
    Info (12023): Found entity 1: P01and_4b File: G:/Meu Drive/01 - UFRJ/05 - 2021.2/07 - Sistemas Digitais - EEL480/03 - VHDL/projetos/19-P14placa/p01and_4b.vhd Line: 4
Info (12128): Elaborating entity "P01and_4b" for hierarchy "P11interface:ITERF|P10ula:alu|P01and_4b:andd" File: G:/Meu Drive/01 - UFRJ/05 - 2021.2/07 - Sistemas Digitais - EEL480/03 - VHDL/projetos/19-P14placa/p10ula.vhd Line: 102
Warning (12125): Using design file p02or_4b.vhd, which is not specified as a design file for the current project, but contains definitions for 2 design units and 1 entities in project
    Info (12022): Found design unit 1: P02or_4b-or_4b_behav File: G:/Meu Drive/01 - UFRJ/05 - 2021.2/07 - Sistemas Digitais - EEL480/03 - VHDL/projetos/19-P14placa/p02or_4b.vhd Line: 11
    Info (12023): Found entity 1: P02or_4b File: G:/Meu Drive/01 - UFRJ/05 - 2021.2/07 - Sistemas Digitais - EEL480/03 - VHDL/projetos/19-P14placa/p02or_4b.vhd Line: 4
Info (12128): Elaborating entity "P02or_4b" for hierarchy "P11interface:ITERF|P10ula:alu|P02or_4b:orr" File: G:/Meu Drive/01 - UFRJ/05 - 2021.2/07 - Sistemas Digitais - EEL480/03 - VHDL/projetos/19-P14placa/p10ula.vhd Line: 103
Warning (12125): Using design file p03not_4b.vhd, which is not specified as a design file for the current project, but contains definitions for 2 design units and 1 entities in project
    Info (12022): Found design unit 1: P03not_4b-not_4b_behav File: G:/Meu Drive/01 - UFRJ/05 - 2021.2/07 - Sistemas Digitais - EEL480/03 - VHDL/projetos/19-P14placa/p03not_4b.vhd Line: 11
    Info (12023): Found entity 1: P03not_4b File: G:/Meu Drive/01 - UFRJ/05 - 2021.2/07 - Sistemas Digitais - EEL480/03 - VHDL/projetos/19-P14placa/p03not_4b.vhd Line: 4
Info (12128): Elaborating entity "P03not_4b" for hierarchy "P11interface:ITERF|P10ula:alu|P03not_4b:nott" File: G:/Meu Drive/01 - UFRJ/05 - 2021.2/07 - Sistemas Digitais - EEL480/03 - VHDL/projetos/19-P14placa/p10ula.vhd Line: 104
Warning (12125): Using design file p04xor_4b.vhd, which is not specified as a design file for the current project, but contains definitions for 2 design units and 1 entities in project
    Info (12022): Found design unit 1: P04xor_4b-xor_4b_behav File: G:/Meu Drive/01 - UFRJ/05 - 2021.2/07 - Sistemas Digitais - EEL480/03 - VHDL/projetos/19-P14placa/p04xor_4b.vhd Line: 11
    Info (12023): Found entity 1: P04xor_4b File: G:/Meu Drive/01 - UFRJ/05 - 2021.2/07 - Sistemas Digitais - EEL480/03 - VHDL/projetos/19-P14placa/p04xor_4b.vhd Line: 4
Info (12128): Elaborating entity "P04xor_4b" for hierarchy "P11interface:ITERF|P10ula:alu|P04xor_4b:xorr" File: G:/Meu Drive/01 - UFRJ/05 - 2021.2/07 - Sistemas Digitais - EEL480/03 - VHDL/projetos/19-P14placa/p10ula.vhd Line: 105
Warning (12125): Using design file p06adder4bit.vhd, which is not specified as a design file for the current project, but contains definitions for 2 design units and 1 entities in project
    Info (12022): Found design unit 1: P06adder4bit-adder_behav File: G:/Meu Drive/01 - UFRJ/05 - 2021.2/07 - Sistemas Digitais - EEL480/03 - VHDL/projetos/19-P14placa/p06adder4bit.vhd Line: 13
    Info (12023): Found entity 1: P06adder4bit File: G:/Meu Drive/01 - UFRJ/05 - 2021.2/07 - Sistemas Digitais - EEL480/03 - VHDL/projetos/19-P14placa/p06adder4bit.vhd Line: 4
Info (12128): Elaborating entity "P06adder4bit" for hierarchy "P11interface:ITERF|P10ula:alu|P06adder4bit:sum" File: G:/Meu Drive/01 - UFRJ/05 - 2021.2/07 - Sistemas Digitais - EEL480/03 - VHDL/projetos/19-P14placa/p10ula.vhd Line: 106
Warning (12125): Using design file p05fulladder.vhd, which is not specified as a design file for the current project, but contains definitions for 2 design units and 1 entities in project
    Info (12022): Found design unit 1: P05fulladder-fa_behav File: G:/Meu Drive/01 - UFRJ/05 - 2021.2/07 - Sistemas Digitais - EEL480/03 - VHDL/projetos/19-P14placa/p05fulladder.vhd Line: 13
    Info (12023): Found entity 1: P05fulladder File: G:/Meu Drive/01 - UFRJ/05 - 2021.2/07 - Sistemas Digitais - EEL480/03 - VHDL/projetos/19-P14placa/p05fulladder.vhd Line: 4
Info (12128): Elaborating entity "P05fulladder" for hierarchy "P11interface:ITERF|P10ula:alu|P06adder4bit:sum|P05fulladder:fa1" File: G:/Meu Drive/01 - UFRJ/05 - 2021.2/07 - Sistemas Digitais - EEL480/03 - VHDL/projetos/19-P14placa/p06adder4bit.vhd Line: 27
Warning (12125): Using design file p07sub4bit.vhd, which is not specified as a design file for the current project, but contains definitions for 2 design units and 1 entities in project
    Info (12022): Found design unit 1: P07sub4bit-sub4bit_behav File: G:/Meu Drive/01 - UFRJ/05 - 2021.2/07 - Sistemas Digitais - EEL480/03 - VHDL/projetos/19-P14placa/p07sub4bit.vhd Line: 13
    Info (12023): Found entity 1: P07sub4bit File: G:/Meu Drive/01 - UFRJ/05 - 2021.2/07 - Sistemas Digitais - EEL480/03 - VHDL/projetos/19-P14placa/p07sub4bit.vhd Line: 4
Info (12128): Elaborating entity "P07sub4bit" for hierarchy "P11interface:ITERF|P10ula:alu|P07sub4bit:sub" File: G:/Meu Drive/01 - UFRJ/05 - 2021.2/07 - Sistemas Digitais - EEL480/03 - VHDL/projetos/19-P14placa/p10ula.vhd Line: 107
Warning (12125): Using design file p09compl2.vhd, which is not specified as a design file for the current project, but contains definitions for 2 design units and 1 entities in project
    Info (12022): Found design unit 1: P09compl2-compl2_behav File: G:/Meu Drive/01 - UFRJ/05 - 2021.2/07 - Sistemas Digitais - EEL480/03 - VHDL/projetos/19-P14placa/p09compl2.vhd Line: 11
    Info (12023): Found entity 1: P09compl2 File: G:/Meu Drive/01 - UFRJ/05 - 2021.2/07 - Sistemas Digitais - EEL480/03 - VHDL/projetos/19-P14placa/p09compl2.vhd Line: 4
Info (12128): Elaborating entity "P09compl2" for hierarchy "P11interface:ITERF|P10ula:alu|P07sub4bit:sub|P09compl2:cp1" File: G:/Meu Drive/01 - UFRJ/05 - 2021.2/07 - Sistemas Digitais - EEL480/03 - VHDL/projetos/19-P14placa/p07sub4bit.vhd Line: 35
Warning (12125): Using design file p08mult4bit.vhd, which is not specified as a design file for the current project, but contains definitions for 2 design units and 1 entities in project
    Info (12022): Found design unit 1: P08mult4bit-mult4bit_comport File: G:/Meu Drive/01 - UFRJ/05 - 2021.2/07 - Sistemas Digitais - EEL480/03 - VHDL/projetos/19-P14placa/p08mult4bit.vhd Line: 11
    Info (12023): Found entity 1: P08mult4bit File: G:/Meu Drive/01 - UFRJ/05 - 2021.2/07 - Sistemas Digitais - EEL480/03 - VHDL/projetos/19-P14placa/p08mult4bit.vhd Line: 4
Info (12128): Elaborating entity "P08mult4bit" for hierarchy "P11interface:ITERF|P10ula:alu|P08mult4bit:mult" File: G:/Meu Drive/01 - UFRJ/05 - 2021.2/07 - Sistemas Digitais - EEL480/03 - VHDL/projetos/19-P14placa/p10ula.vhd Line: 108
Warning (12125): Using design file p12decodificador7seg.vhd, which is not specified as a design file for the current project, but contains definitions for 2 design units and 1 entities in project
    Info (12022): Found design unit 1: P12decodificador7seg-decode File: G:/Meu Drive/01 - UFRJ/05 - 2021.2/07 - Sistemas Digitais - EEL480/03 - VHDL/projetos/19-P14placa/p12decodificador7seg.vhd Line: 12
    Info (12023): Found entity 1: P12decodificador7seg File: G:/Meu Drive/01 - UFRJ/05 - 2021.2/07 - Sistemas Digitais - EEL480/03 - VHDL/projetos/19-P14placa/p12decodificador7seg.vhd Line: 5
Info (12128): Elaborating entity "P12decodificador7seg" for hierarchy "P12decodificador7seg:DECOD0" File: G:/Meu Drive/01 - UFRJ/05 - 2021.2/07 - Sistemas Digitais - EEL480/03 - VHDL/projetos/19-P14placa/P14placa.vhd Line: 66
Warning (13004): Presettable and clearable registers converted to equivalent circuits with latches. Registers power-up to an undefined state, and DEVCLRn places the registers in an undefined state.
    Warning (13310): Register "P11interface:ITERF|saidaA[3]" is converted into an equivalent circuit using register "P11interface:ITERF|saidaA[3]~_emulated" and latch "P11interface:ITERF|saidaA[3]~1" File: G:/Meu Drive/01 - UFRJ/05 - 2021.2/07 - Sistemas Digitais - EEL480/03 - VHDL/projetos/19-P14placa/p11interface.vhd Line: 46
    Warning (13310): Register "P11interface:ITERF|saidaA[2]" is converted into an equivalent circuit using register "P11interface:ITERF|saidaA[2]~_emulated" and latch "P11interface:ITERF|saidaA[2]~6" File: G:/Meu Drive/01 - UFRJ/05 - 2021.2/07 - Sistemas Digitais - EEL480/03 - VHDL/projetos/19-P14placa/p11interface.vhd Line: 46
    Warning (13310): Register "P11interface:ITERF|saidaA[1]" is converted into an equivalent circuit using register "P11interface:ITERF|saidaA[1]~_emulated" and latch "P11interface:ITERF|saidaA[1]~11" File: G:/Meu Drive/01 - UFRJ/05 - 2021.2/07 - Sistemas Digitais - EEL480/03 - VHDL/projetos/19-P14placa/p11interface.vhd Line: 46
    Warning (13310): Register "P11interface:ITERF|saidaA[0]" is converted into an equivalent circuit using register "P11interface:ITERF|saidaA[0]~_emulated" and latch "P11interface:ITERF|saidaA[0]~16" File: G:/Meu Drive/01 - UFRJ/05 - 2021.2/07 - Sistemas Digitais - EEL480/03 - VHDL/projetos/19-P14placa/p11interface.vhd Line: 46
    Warning (13310): Register "P11interface:ITERF|saidaB[3]" is converted into an equivalent circuit using register "P11interface:ITERF|saidaB[3]~_emulated" and latch "P11interface:ITERF|saidaB[3]~1" File: G:/Meu Drive/01 - UFRJ/05 - 2021.2/07 - Sistemas Digitais - EEL480/03 - VHDL/projetos/19-P14placa/p11interface.vhd Line: 46
    Warning (13310): Register "P11interface:ITERF|saidaB[2]" is converted into an equivalent circuit using register "P11interface:ITERF|saidaB[2]~_emulated" and latch "P11interface:ITERF|saidaB[2]~6" File: G:/Meu Drive/01 - UFRJ/05 - 2021.2/07 - Sistemas Digitais - EEL480/03 - VHDL/projetos/19-P14placa/p11interface.vhd Line: 46
    Warning (13310): Register "P11interface:ITERF|saidaB[1]" is converted into an equivalent circuit using register "P11interface:ITERF|saidaB[1]~_emulated" and latch "P11interface:ITERF|saidaB[1]~11" File: G:/Meu Drive/01 - UFRJ/05 - 2021.2/07 - Sistemas Digitais - EEL480/03 - VHDL/projetos/19-P14placa/p11interface.vhd Line: 46
    Warning (13310): Register "P11interface:ITERF|saidaB[0]" is converted into an equivalent circuit using register "P11interface:ITERF|saidaB[0]~_emulated" and latch "P11interface:ITERF|saidaB[0]~16" File: G:/Meu Drive/01 - UFRJ/05 - 2021.2/07 - Sistemas Digitais - EEL480/03 - VHDL/projetos/19-P14placa/p11interface.vhd Line: 46
    Warning (13310): Register "P11interface:ITERF|B[3]" is converted into an equivalent circuit using register "P11interface:ITERF|B[3]~_emulated" and latch "P11interface:ITERF|B[3]~1" File: G:/Meu Drive/01 - UFRJ/05 - 2021.2/07 - Sistemas Digitais - EEL480/03 - VHDL/projetos/19-P14placa/p11interface.vhd Line: 46
    Warning (13310): Register "P11interface:ITERF|A[3]" is converted into an equivalent circuit using register "P11interface:ITERF|A[3]~_emulated" and latch "P11interface:ITERF|A[3]~1" File: G:/Meu Drive/01 - UFRJ/05 - 2021.2/07 - Sistemas Digitais - EEL480/03 - VHDL/projetos/19-P14placa/p11interface.vhd Line: 46
    Warning (13310): Register "P11interface:ITERF|B[2]" is converted into an equivalent circuit using register "P11interface:ITERF|B[2]~_emulated" and latch "P11interface:ITERF|B[2]~6" File: G:/Meu Drive/01 - UFRJ/05 - 2021.2/07 - Sistemas Digitais - EEL480/03 - VHDL/projetos/19-P14placa/p11interface.vhd Line: 46
    Warning (13310): Register "P11interface:ITERF|A[2]" is converted into an equivalent circuit using register "P11interface:ITERF|A[2]~_emulated" and latch "P11interface:ITERF|A[2]~6" File: G:/Meu Drive/01 - UFRJ/05 - 2021.2/07 - Sistemas Digitais - EEL480/03 - VHDL/projetos/19-P14placa/p11interface.vhd Line: 46
    Warning (13310): Register "P11interface:ITERF|B[1]" is converted into an equivalent circuit using register "P11interface:ITERF|B[1]~_emulated" and latch "P11interface:ITERF|B[1]~11" File: G:/Meu Drive/01 - UFRJ/05 - 2021.2/07 - Sistemas Digitais - EEL480/03 - VHDL/projetos/19-P14placa/p11interface.vhd Line: 46
    Warning (13310): Register "P11interface:ITERF|A[1]" is converted into an equivalent circuit using register "P11interface:ITERF|A[1]~_emulated" and latch "P11interface:ITERF|A[1]~11" File: G:/Meu Drive/01 - UFRJ/05 - 2021.2/07 - Sistemas Digitais - EEL480/03 - VHDL/projetos/19-P14placa/p11interface.vhd Line: 46
    Warning (13310): Register "P11interface:ITERF|B[0]" is converted into an equivalent circuit using register "P11interface:ITERF|B[0]~_emulated" and latch "P11interface:ITERF|B[0]~16" File: G:/Meu Drive/01 - UFRJ/05 - 2021.2/07 - Sistemas Digitais - EEL480/03 - VHDL/projetos/19-P14placa/p11interface.vhd Line: 46
    Warning (13310): Register "P11interface:ITERF|A[0]" is converted into an equivalent circuit using register "P11interface:ITERF|A[0]~_emulated" and latch "P11interface:ITERF|A[0]~16" File: G:/Meu Drive/01 - UFRJ/05 - 2021.2/07 - Sistemas Digitais - EEL480/03 - VHDL/projetos/19-P14placa/p11interface.vhd Line: 46
    Warning (13310): Register "P11interface:ITERF|estado" is converted into an equivalent circuit using register "P11interface:ITERF|estado~_emulated" and latch "P11interface:ITERF|estado~1" File: G:/Meu Drive/01 - UFRJ/05 - 2021.2/07 - Sistemas Digitais - EEL480/03 - VHDL/projetos/19-P14placa/p11interface.vhd Line: 33
Warning (13024): Output pins are stuck at VCC or GND
    Warning (13410): Pin "G_HEX7[1]" is stuck at GND File: G:/Meu Drive/01 - UFRJ/05 - 2021.2/07 - Sistemas Digitais - EEL480/03 - VHDL/projetos/19-P14placa/P14placa.vhd Line: 9
    Warning (13410): Pin "G_HEX7[2]" is stuck at GND File: G:/Meu Drive/01 - UFRJ/05 - 2021.2/07 - Sistemas Digitais - EEL480/03 - VHDL/projetos/19-P14placa/P14placa.vhd Line: 9
    Warning (13410): Pin "G_HEX7[6]" is stuck at VCC File: G:/Meu Drive/01 - UFRJ/05 - 2021.2/07 - Sistemas Digitais - EEL480/03 - VHDL/projetos/19-P14placa/P14placa.vhd Line: 9
    Warning (13410): Pin "G_HEX5[1]" is stuck at GND File: G:/Meu Drive/01 - UFRJ/05 - 2021.2/07 - Sistemas Digitais - EEL480/03 - VHDL/projetos/19-P14placa/P14placa.vhd Line: 10
    Warning (13410): Pin "G_HEX5[2]" is stuck at GND File: G:/Meu Drive/01 - UFRJ/05 - 2021.2/07 - Sistemas Digitais - EEL480/03 - VHDL/projetos/19-P14placa/P14placa.vhd Line: 10
    Warning (13410): Pin "G_HEX5[6]" is stuck at VCC File: G:/Meu Drive/01 - UFRJ/05 - 2021.2/07 - Sistemas Digitais - EEL480/03 - VHDL/projetos/19-P14placa/P14placa.vhd Line: 10
    Warning (13410): Pin "G_HEX3[1]" is stuck at GND File: G:/Meu Drive/01 - UFRJ/05 - 2021.2/07 - Sistemas Digitais - EEL480/03 - VHDL/projetos/19-P14placa/P14placa.vhd Line: 11
    Warning (13410): Pin "G_HEX3[2]" is stuck at GND File: G:/Meu Drive/01 - UFRJ/05 - 2021.2/07 - Sistemas Digitais - EEL480/03 - VHDL/projetos/19-P14placa/P14placa.vhd Line: 11
    Warning (13410): Pin "G_HEX3[6]" is stuck at VCC File: G:/Meu Drive/01 - UFRJ/05 - 2021.2/07 - Sistemas Digitais - EEL480/03 - VHDL/projetos/19-P14placa/P14placa.vhd Line: 11
    Warning (13410): Pin "G_HEX2[1]" is stuck at GND File: G:/Meu Drive/01 - UFRJ/05 - 2021.2/07 - Sistemas Digitais - EEL480/03 - VHDL/projetos/19-P14placa/P14placa.vhd Line: 11
    Warning (13410): Pin "G_HEX2[2]" is stuck at GND File: G:/Meu Drive/01 - UFRJ/05 - 2021.2/07 - Sistemas Digitais - EEL480/03 - VHDL/projetos/19-P14placa/P14placa.vhd Line: 11
    Warning (13410): Pin "G_HEX2[6]" is stuck at VCC File: G:/Meu Drive/01 - UFRJ/05 - 2021.2/07 - Sistemas Digitais - EEL480/03 - VHDL/projetos/19-P14placa/P14placa.vhd Line: 11
Info (286030): Timing-Driven Synthesis is running
Info (16010): Generating hard_block partition "hard_block:auto_generated_inst"
    Info (16011): Adding 0 node(s), including 0 DDIO, 0 PLL, 0 transceiver and 0 LCELL
Warning (21074): Design contains 1 input pin(s) that do not drive logic
    Warning (15610): No output dependent on input pin "V_SW[13]" File: G:/Meu Drive/01 - UFRJ/05 - 2021.2/07 - Sistemas Digitais - EEL480/03 - VHDL/projetos/19-P14placa/P14placa.vhd Line: 8
Info (21057): Implemented 308 device resources after synthesis - the final resource count might be different
    Info (21058): Implemented 12 input pins
    Info (21059): Implemented 60 output pins
    Info (21061): Implemented 236 logic cells
Info: Quartus Prime Analysis & Synthesis was successful. 0 errors, 59 warnings
    Info: Peak virtual memory: 4838 megabytes
    Info: Processing ended: Fri Jan 07 13:37:09 2022
    Info: Elapsed time: 00:00:35
    Info: Total CPU time (on all processors): 00:00:59


